<html>
<body>
<pre>
<h1>礦ision Build Log</h1>
<h2>Project:</h2>
C:\Users\尹思凯\Desktop\STM32 Presentation\优化后工程\USER\ysktest.uvproj
Project File Date:  12/26/2016

<h2>Output:</h2>
Build target 'Target 1'
assembling startup_stm32f10x_md.s...
creating preprocessor file for Minibalance.c...
compiling Minibalance.c...
creating preprocessor file for delay.c...
compiling delay.c...
creating preprocessor file for sys.c...
compiling sys.c...
creating preprocessor file for usart.c...
compiling usart.c...
creating preprocessor file for LED.C...
compiling LED.C...
creating preprocessor file for key.c...
compiling key.c...
creating preprocessor file for oled.c...
compiling oled.c...
creating preprocessor file for adc.c...
compiling adc.c...
creating preprocessor file for timer.c...
compiling timer.c...
creating preprocessor file for motor.c...
compiling motor.c...
creating preprocessor file for encoder.c...
compiling encoder.c...
creating preprocessor file for IOI2C.c...
compiling IOI2C.c...
creating preprocessor file for usart3.c...
compiling usart3.c...
creating preprocessor file for exti.c...
compiling exti.c...
creating preprocessor file for control.c...
compiling control.c...
creating preprocessor file for inv_mpu.c...
compiling inv_mpu.c...
creating preprocessor file for inv_mpu_dmp_motion_driver.c...
compiling inv_mpu_dmp_motion_driver.c...
creating preprocessor file for filter.c...
compiling filter.c...
creating preprocessor file for MPU6050.c...
compiling MPU6050.c...
creating preprocessor file for show.c...
compiling show.c...
creating preprocessor file for DataScope_DP.C...
compiling DataScope_DP.C...
linking...
Program Size: Code=34230 RO-data=6394 RW-data=384 ZI-data=2880  
FromELF: creating hex file...
"..\OBJ\Minibalance.axf" - 0 Error(s), 0 Warning(s).
